../Core/Src/Endeffector.c:23:6:Endeffector_Update_Status	4	static
../Core/Src/Endeffector.c:31:6:Endeffector_Read_Status	8	static
../Core/Src/Endeffector.c:50:6:Endeffector_SoftReset	8	static
../Core/Src/Endeffector.c:69:6:Endeffector_EmergencyTrigger	8	static
../Core/Src/Endeffector.c:89:6:Endeffector_EmergencyExit	8	static
../Core/Src/Endeffector.c:109:6:Endeffector_TestModeOn	8	static
../Core/Src/Endeffector.c:129:6:Endeffector_TestModeOff	8	static
../Core/Src/Endeffector.c:149:6:Endeffector_GripperModeOn	8	static
../Core/Src/Endeffector.c:169:6:Endeffector_GripperModeOff	8	static
../Core/Src/Endeffector.c:189:6:Endeffector_PickUp	8	static
../Core/Src/Endeffector.c:209:6:Endeffector_PlaceDown	8	static
../Core/Src/Endeffector.c:228:6:TestMode	8	static
