../Core/Src/Endeffector.c:24:6:Endeffector_Update_Status	4	static
../Core/Src/Endeffector.c:32:6:Endeffector_Read_Status	16	static
../Core/Src/Endeffector.c:40:6:Endeffector_SoftReset	16	static
../Core/Src/Endeffector.c:51:6:Endeffector_EmergencyTrigger	16	static
../Core/Src/Endeffector.c:61:6:Endeffector_EmergencyExit	16	static
../Core/Src/Endeffector.c:71:6:Endeffector_TestModeOn	16	static
../Core/Src/Endeffector.c:81:6:Endeffector_TestModeOff	16	static
../Core/Src/Endeffector.c:91:6:Endeffector_GripperModeOn	16	static
../Core/Src/Endeffector.c:101:6:Endeffector_GripperModeOff	16	static
../Core/Src/Endeffector.c:111:6:Endeffector_PickUp	16	static
../Core/Src/Endeffector.c:121:6:Endeffector_PlaceDown	16	static
../Core/Src/Endeffector.c:131:6:TestMode	8	static
