../Core/Src/main.c:111:5:main	8	static
../Core/Src/main.c:199:6:SystemClock_Config	88	static
../Core/Src/main.c:246:13:MX_TIM1_Init	80	static
../Core/Src/main.c:311:13:MX_TIM2_Init	56	static
../Core/Src/main.c:360:13:MX_TIM3_Init	32	static
../Core/Src/main.c:405:13:MX_TIM5_Init	32	static
../Core/Src/main.c:450:13:MX_USART2_UART_Init	8	static
../Core/Src/main.c:483:13:MX_GPIO_Init	48	static
../Core/Src/main.c:526:6:HAL_TIM_PeriodElapsedCallback	24	static
../Core/Src/main.c:573:6:Error_Handler	4	static,ignoring_inline_asm
