../Core/Src/main.c:121:5:main	32	static
../Core/Src/main.c:551:6:SystemClock_Config	88	static
../Core/Src/main.c:594:6:HAL_GPIO_EXTI_Callback	16	static
../Core/Src/main.c:645:6:HAL_TIM_PeriodElapsedCallback	16	static
../Core/Src/main.c:702:6:joyXjog	4	static
../Core/Src/main.c:715:6:joyYjog	8	static
../Core/Src/main.c:754:6:CollectPosition	16	static
../Core/Src/main.c:818:9:Uint2Int	24	static
../Core/Src/main.c:833:6:EndeffectorCheck	8	static
../Core/Src/main.c:880:6:PickPlace	8	static
../Core/Src/main.c:906:6:Error_Handler	4	static,ignoring_inline_asm
